cyamli (v1.1.5)

cyamli validate

    Description:
        validates CLI schema.

    Syntax:
        $ cyamli validate [<option>]...

    Options:
        -help[=<boolean>], -h[=<boolean>]  (default=false):
            shows description of validates subcommand.

        -schema-path=<string>  (default=""):
            if specified then reads schema file from the path, otherwise reads from stdin.


