failed to parse arguments ('cyamli -help' to see help): unknown option "-unknown"
