<html lang="">
  <head>
    <meta charset="UTF-8" >
    <title>
      cyamli (v1.1.2)
    </title>
  </head>
  <body>
    <main>
      <h1>
        cyamli (v1.1.2)
      </h1>
      <section>
        <h2>
          cyamli
        </h2>
        <h3>
          Description
        </h3>
        <p>
          A command line tool to generate CLI for your app from YAML-based schema.
        </p>
        <h3>
          Syntax
        </h3>
        <p>
          <code>
            cyamli  [&lt;option&gt;]...
          </code>
        </p>
        <h3>
          Options
        </h3>
        <ul>
          <li>
            <h4>
              <code>
                -help[=&lt;boolean>]
              </code>
              ,
              <code>
                -h[=&lt;boolean>]
              </code>
              (default=
              <code>
                false
              </code>
              ):
            </h4>
            <p>
              shows description of this app
            </p>
          </li>
          <li>
            <h4>
              <code>
                -version[=&lt;boolean>]
              </code>
              ,
              <code>
                -v[=&lt;boolean>]
              </code>
              (default=
              <code>
                false
              </code>
              ):
            </h4>
            <p>
              shows version of this app
            </p>
          </li>
        </ul>
        <h3>
          Subcommands
        </h3>
        <ul>
          <li>
            <h4>
              generate
            </h4>
            <p>
              holds subcommands to generate CLI code.
            </p>
          </li>
          <li>
            <h4>
              list
            </h4>
            <p>
              shows subcommands
            </p>
          </li>
          <li>
            <h4>
              validate
            </h4>
            <p>
              validates CLI schema
            </p>
          </li>
        </ul>
      </section>
      <section>
        <h2>
          cyamli generate
        </h2>
        <h3>
          Description
        </h3>
        <p>
          holds subcommands to generate CLI code.
        </p>
        <h3>
          Syntax
        </h3>
        <p>
          <code>
            cyamli generate [&lt;option&gt;]...
          </code>
        </p>
        <h3>
          Options
        </h3>
        <ul>
          <li>
            <h4>
              <code>
                -help[=&lt;boolean>]
              </code>
              ,
              <code>
                -h[=&lt;boolean>]
              </code>
              (default=
              <code>
                false
              </code>
              ):
            </h4>
            <p>
              shows description of generate subcommand
            </p>
          </li>
        </ul>
        <h3>
          Subcommands
        </h3>
        <ul>
          <li>
            <h4>
              docs
            </h4>
            <p>
              generates documentation for your CLI app.
            </p>
          </li>
          <li>
            <h4>
              golang
            </h4>
            <p>
              generates CLI for your app written in Go.
            </p>
          </li>
          <li>
            <h4>
              python3
            </h4>
            <p>
              generates CLI for your app written in Python3.
            </p>
          </li>
        </ul>
      </section>
      <section>
        <h2>
          cyamli generate docs
        </h2>
        <h3>
          Description
        </h3>
        <p>
          generates documentation for your CLI app.
        </p>
        <h3>
          Syntax
        </h3>
        <p>
          <code>
            cyamli generate docs [&lt;option&gt;|&lt;argument&gt;]... [-- [&lt;argument&gt;]...]
          </code>
        </p>
        <h3>
          Options
        </h3>
        <ul>
          <li>
            <h4>
              <code>
                -all[=&lt;boolean>]
              </code>
              ,
              <code>
                -a[=&lt;boolean>]
              </code>
              (default=
              <code>
                false
              </code>
              ):
            </h4>
            <p>
              if specified then outputs documentation for all subcommands, otherwise in text format.
            </p>
          </li>
          <li>
            <h4>
              <code>
                -format=&lt;string>
              </code>
              ,
              <code>
                -f=&lt;string>
              </code>
              (default=
              <code>
                &#34;text&#34;
              </code>
              ):
            </h4>
            <p>
              specifies output format of the documentation in text or markdown
            </p>
          </li>
          <li>
            <h4>
              <code>
                -help[=&lt;boolean>]
              </code>
              ,
              <code>
                -h[=&lt;boolean>]
              </code>
              (default=
              <code>
                false
              </code>
              ):
            </h4>
            <p>
              shows description of docs subcommand
            </p>
          </li>
          <li>
            <h4>
              <code>
                -out-path=&lt;string>
              </code>
              (default=
              <code>
                &#34;&#34;
              </code>
              ):
            </h4>
            <p>
              if specified then creates a file at the path and writes generated documentation, otherwise outputs to stdout.
            </p>
          </li>
          <li>
            <h4>
              <code>
                -schema-path=&lt;string>
              </code>
              (default=
              <code>
                &#34;&#34;
              </code>
              ):
            </h4>
            <p>
              if specified then reads schema file from the path, otherwise reads from stdin.
            </p>
          </li>
        </ul>
        <h3>
          Arguments
        </h3>
        <ol>
          <li>
            <h4>
              <code>
                [&lt;subcommands:string>]...
              </code>
            </h4>
            <p>
              selects subcommand for which the documentation is output.
            </p>
          </li>
        </ol>
      </section>
      <section>
        <h2>
          cyamli generate golang
        </h2>
        <h3>
          Description
        </h3>
        <p>
          generates CLI for your app written in Go.
        </p>
        <h3>
          Syntax
        </h3>
        <p>
          <code>
            cyamli generate golang [&lt;option&gt;]...
          </code>
        </p>
        <h3>
          Options
        </h3>
        <ul>
          <li>
            <h4>
              <code>
                -help[=&lt;boolean>]
              </code>
              ,
              <code>
                -h[=&lt;boolean>]
              </code>
              (default=
              <code>
                false
              </code>
              ):
            </h4>
            <p>
              shows description of golang subcommand
            </p>
          </li>
          <li>
            <h4>
              <code>
                -out-path=&lt;string>
              </code>
              (default=
              <code>
                &#34;&#34;
              </code>
              ):
            </h4>
            <p>
              if specified then creates a file at the path and writes generated code, otherwise outputs to stdout.
            </p>
          </li>
          <li>
            <h4>
              <code>
                -package=&lt;string>
              </code>
              (default=
              <code>
                &#34;main&#34;
              </code>
              ):
            </h4>
            <p>
              package name where the generated file will be placed.
            </p>
          </li>
          <li>
            <h4>
              <code>
                -schema-path=&lt;string>
              </code>
              (default=
              <code>
                &#34;&#34;
              </code>
              ):
            </h4>
            <p>
              if specified then reads schema file from the path, otherwise reads from stdin.
            </p>
          </li>
        </ul>
      </section>
      <section>
        <h2>
          cyamli generate python3
        </h2>
        <h3>
          Description
        </h3>
        <p>
          generates CLI for your app written in Python3.
        </p>
        <h3>
          Syntax
        </h3>
        <p>
          <code>
            cyamli generate python3 [&lt;option&gt;]...
          </code>
        </p>
        <h3>
          Options
        </h3>
        <ul>
          <li>
            <h4>
              <code>
                -help[=&lt;boolean>]
              </code>
              ,
              <code>
                -h[=&lt;boolean>]
              </code>
              (default=
              <code>
                false
              </code>
              ):
            </h4>
            <p>
              shows description of python3 subcommand
            </p>
          </li>
          <li>
            <h4>
              <code>
                -out-path=&lt;string>
              </code>
              (default=
              <code>
                &#34;&#34;
              </code>
              ):
            </h4>
            <p>
              if specified then creates a file at the path and writes generated code, otherwise outputs to stdout.
            </p>
          </li>
          <li>
            <h4>
              <code>
                -schema-path=&lt;string>
              </code>
              (default=
              <code>
                &#34;&#34;
              </code>
              ):
            </h4>
            <p>
              if specified then reads schema file from the path, otherwise reads from stdin.
            </p>
          </li>
        </ul>
      </section>
      <section>
        <h2>
          cyamli list
        </h2>
        <h3>
          Description
        </h3>
        <p>
          shows subcommands
        </p>
        <h3>
          Syntax
        </h3>
        <p>
          <code>
            cyamli list [&lt;option&gt;]...
          </code>
        </p>
        <h3>
          Options
        </h3>
        <ul>
          <li>
            <h4>
              <code>
                -help[=&lt;boolean>]
              </code>
              ,
              <code>
                -h[=&lt;boolean>]
              </code>
              (default=
              <code>
                false
              </code>
              ):
            </h4>
            <p>
              shows description of list subcommand
            </p>
          </li>
          <li>
            <h4>
              <code>
                -schema-path=&lt;string>
              </code>
              (default=
              <code>
                &#34;&#34;
              </code>
              ):
            </h4>
            <p>
              if specified then reads schema file from the path, otherwise reads from stdin.
            </p>
          </li>
        </ul>
      </section>
      <section>
        <h2>
          cyamli validate
        </h2>
        <h3>
          Description
        </h3>
        <p>
          validates CLI schema
        </p>
        <h3>
          Syntax
        </h3>
        <p>
          <code>
            cyamli validate [&lt;option&gt;]...
          </code>
        </p>
        <h3>
          Options
        </h3>
        <ul>
          <li>
            <h4>
              <code>
                -help[=&lt;boolean>]
              </code>
              ,
              <code>
                -h[=&lt;boolean>]
              </code>
              (default=
              <code>
                false
              </code>
              ):
            </h4>
            <p>
              shows description of validates subcommand
            </p>
          </li>
          <li>
            <h4>
              <code>
                -schema-path=&lt;string>
              </code>
              (default=
              <code>
                &#34;&#34;
              </code>
              ):
            </h4>
            <p>
              if specified then reads schema file from the path, otherwise reads from stdin.
            </p>
          </li>
        </ul>
      </section>
    </main>
  </body>
</html>