# <program>

## <program>

### Syntax

```shell
<program> 
```


