cyamli (v1.0.0)

cyamli generate golang

    Description:
        generates CLI for your app written in Go.

    Syntax:
        $ cyamli generate golang [<option>]...

    Options:
        -help[=<boolean>], -h[=<boolean>]  (default=false):
            shows description of golang subcommand

        -out-path=<string>  (default=""):
            if specified then creates a file at the path and writes generated code, otherwise outputs to stdout.

        -package=<string>  (default="main"):
            package name where the generated file will be placed.

        -schema-path=<string>  (default=""):
            if specified then reads schema file from the path, otherwise reads from stdin.


